label: gpt
label-id: FE98CBFE-9964-4D22-B6A8-2A51EE5707DD
device: /dev/sda
unit: sectors
first-lba: 34
last-lba: 976773134
sector-size: 512

/dev/sda1 : start=        2048, size=      532480, type=C12A7328-F81F-11D2-BA4B-00A0C93EC93B, uuid=4DD62B2F-D82C-4209-BAFA-4EAEEE7C8096, name="EFI system partition", attrs="GUID:63"
/dev/sda2 : start=      534528, size=       32768, type=E3C9E316-0B5C-4DB8-817D-F92DF00215AE, uuid=3992A0EA-C6A4-4540-B05A-300A85BBED1A, name="Microsoft reserved partition", attrs="GUID:63"
/dev/sda3 : start=      567296, size=   713241395, type=EBD0A0A2-B9E5-4433-87C0-68B6B72699C7, uuid=3D2C8DE5-DE9B-4139-8697-D8365268C7DC, name="Basic data partition"
/dev/sda4 : start=   713809920, size=    41943040, type=0FC63DAF-8483-4772-8E79-3D69D8477DE4, uuid=8BF42A2C-7094-954F-BF62-004C288CDDCF
/dev/sda5 : start=   755752960, size=   146800640, type=0FC63DAF-8483-4772-8E79-3D69D8477DE4, uuid=9D2E81FE-C82F-BF4E-93FB-6E645088674E
/dev/sda6 : start=   923525120, size=     3145728, type=0FC63DAF-8483-4772-8E79-3D69D8477DE4, uuid=0BC4B02E-9C96-FB42-9445-3A26C97469A5
/dev/sda7 : start=   926670848, size=    37748736, type=0FC63DAF-8483-4772-8E79-3D69D8477DE4, uuid=82A0E802-C7E5-D74E-8998-49378FC5B18E
/dev/sda8 : start=   964419584, size=     1048576, type=0FC63DAF-8483-4772-8E79-3D69D8477DE4, uuid=90E92800-74AF-8E46-A7FD-5D6009BB9E48
/dev/sda9 : start=   965468160, size=    10283008, type=0FC63DAF-8483-4772-8E79-3D69D8477DE4, uuid=8E4FBCCD-C415-F740-BB52-B52E9C97FBA4
/dev/sda10 : start=   975751168, size=     1021952, type=DE94BBA4-06D1-4D40-A16A-BFD50179D6AC, uuid=8979BA59-AE00-4B6A-BF8D-BB55CC3C45F0, name="Basic data partition", attrs="RequiredPartition GUID:63"
